Last login: Tue May 30 20:52:54 on ttys000
VelladeMacBook-Pro:~ Vella_Liu$ ~/Documents/projecteuler
-bash: /Users/Vella_Liu/Documents/projecteuler: is a directory
VelladeMacBook-Pro:~ Vella_Liu$ cd Documents
VelladeMacBook-Pro:Documents Vella_Liu$ projecteuler
-bash: projecteuler: command not found
VelladeMacBook-Pro:Documents Vella_Liu$ cd projecteuler
VelladeMacBook-Pro:projecteuler Vella_Liu$ ls
problem 1 	problem1.py	problem_1.py 
VelladeMacBook-Pro:projecteuler Vella_Liu$ cd ..
VelladeMacBook-Pro:Documents Vella_Liu$ clone https://github.com/EatingLeo/ProjectEuler.git
-bash: clone: command not found
VelladeMacBook-Pro:Documents Vella_Liu$ git clone https://github.com/EatingLeo/ProjectEuler.git
fatal: destination path 'ProjectEuler' already exists and is not an empty directory.
VelladeMacBook-Pro:Documents Vella_Liu$ git clone https://github.com/EatingLeo/ProjectEuler.git
Cloning into 'ProjectEuler'...
remote: Counting objects: 47, done.
remote: Compressing objects: 100% (33/33), done.
remote: Total 47 (delta 12), reused 0 (delta 0), pack-reused 0
Unpacking objects: 100% (47/47), done.
Checking connectivity... done.
VelladeMacBook-Pro:Documents Vella_Liu$ ls
Ch9_genetics & evolution_student [Autosaved].pptx
Finance
GitHub
MATLAB
MacKeeper Backups
ProjectEuler
Schedule Projection - Liu.xls
Zoom
career and work
grad school
index.html
newGit-test
personal
projecteulertrial
school
sublime text
VelladeMacBook-Pro:Documents Vella_Liu$ git status
On branch master
Changes not staged for commit:
  (use "git add/rm <file>..." to update what will be committed)
  (use "git checkout -- <file>..." to discard changes in working directory)

	deleted:    ProjectEuler/problem_1.py 

Untracked files:
  (use "git add <file>..." to include in what will be committed)

	.Cloud/
	.DS_Store
	.localized
	Ch9_genetics & evolution_student [Autosaved].pptx
	Finance/
	GitHub/
	ProjectEuler/README.md
	Schedule Projection - Liu.xls
	career and work/
	grad school/
	index.html
	newGit-test/
	personal/
	projecteulertrial/
	school/
	sublime text/

no changes added to commit (use "git add" and/or "git commit -a")
VelladeMacBook-Pro:Documents Vella_Liu$ git add problem1.py
fatal: pathspec 'problem1.py' did not match any files
VelladeMacBook-Pro:Documents Vella_Liu$ git add problem1push.py
fatal: pathspec 'problem1push.py' did not match any files
VelladeMacBook-Pro:Documents Vella_Liu$ cd ProjectEuler
VelladeMacBook-Pro:ProjectEuler Vella_Liu$ git status
On branch master
Your branch is up-to-date with 'origin/master'.
Untracked files:
  (use "git add <file>..." to include in what will be committed)

	problem1push.py

nothing added to commit but untracked files present (use "git add" to track)
VelladeMacBook-Pro:ProjectEuler Vella_Liu$ git add problem1push.py
VelladeMacBook-Pro:ProjectEuler Vella_Liu$ git status
On branch master
Your branch is up-to-date with 'origin/master'.
Changes to be committed:
  (use "git reset HEAD <file>..." to unstage)

	new file:   problem1push.py

VelladeMacBook-Pro:ProjectEuler Vella_Liu$ git commit -m "added problem 1 using push"
[master ab5949c] added problem 1 using push
 1 file changed, 6 insertions(+)
 create mode 100644 problem1push.py
VelladeMacBook-Pro:ProjectEuler Vella_Liu$ git push
warning: push.default is unset; its implicit value has changed in
Git 2.0 from 'matching' to 'simple'. To squelch this message
and maintain the traditional behavior, use:

  git config --global push.default matching

To squelch this message and adopt the new behavior now, use:

  git config --global push.default simple

When push.default is set to 'matching', git will push local branches
to the remote branches that already exist with the same name.

Since Git 2.0, Git defaults to the more conservative 'simple'
behavior, which only pushes the current branch to the corresponding
remote branch that 'git pull' uses to update the current branch.

See 'git help config' and search for 'push.default' for further information.
(the 'simple' mode was introduced in Git 1.7.11. Use the similar mode
'current' instead of 'simple' if you sometimes use older versions of Git)

Counting objects: 2, done.
Delta compression using up to 4 threads.
Compressing objects: 100% (2/2), done.
Writing objects: 100% (2/2), 287 bytes | 0 bytes/s, done.
Total 2 (delta 0), reused 0 (delta 0)
To https://github.com/EatingLeo/ProjectEuler.git
   6af4b2a..ab5949c  master -> master
VelladeMacBook-Pro:ProjectEuler Vella_Liu$ 
